<?xml version="1.0" encoding="UTF-8"?>
<testsuites name="jest tests" tests="20" failures="3" errors="0" time="5.37">
  <testsuite name="utils/number" errors="0" failures="0" skipped="0" timestamp="2025-06-04T18:41:02" time="1.738" tests="6">
    <testcase classname="utils/number avg calculates the average of a non-empty array" name="utils/number avg calculates the average of a non-empty array" time="0.002">
    </testcase>
    <testcase classname="utils/number avg returns NaN for an empty array" name="utils/number avg returns NaN for an empty array" time="0">
    </testcase>
    <testcase classname="utils/number formatDuration formats seconds correctly" name="utils/number formatDuration formats seconds correctly" time="0">
    </testcase>
    <testcase classname="utils/number formatDuration formats minutes and seconds" name="utils/number formatDuration formats minutes and seconds" time="0.001">
    </testcase>
    <testcase classname="utils/number formatDuration formats hours, minutes, and seconds" name="utils/number formatDuration formats hours, minutes, and seconds" time="0.015">
    </testcase>
    <testcase classname="utils/number formatDuration handles negative values" name="utils/number formatDuration handles negative values" time="0">
    </testcase>
  </testsuite>
  <testsuite name="i18n/useI18n" errors="0" failures="0" skipped="0" timestamp="2025-06-04T18:41:02" time="1.812" tests="1">
    <testcase classname="i18n/useI18n should get the app name" name="i18n/useI18n should get the app name" time="0.014">
    </testcase>
  </testsuite>
  <testsuite name="utils/helper" errors="0" failures="0" skipped="0" timestamp="2025-06-04T18:41:02" time="1.825" tests="3">
    <testcase classname="utils/helper sleep resolves after the specified time" name="utils/helper sleep resolves after the specified time" time="0.107">
    </testcase>
    <testcase classname="utils/helper sleep resolves immediately for zero milliseconds" name="utils/helper sleep resolves immediately for zero milliseconds" time="0.002">
    </testcase>
    <testcase classname="utils/helper sleep resolves immediately for negative milliseconds" name="utils/helper sleep resolves immediately for negative milliseconds" time="0.005">
    </testcase>
  </testsuite>
  <testsuite name="components/MeasurementItem" errors="0" failures="0" skipped="0" timestamp="2025-06-04T18:41:02" time="4.981" tests="2">
    <testcase classname="components/MeasurementItem renders the label and value correctly" name="components/MeasurementItem renders the label and value correctly" time="2.706">
    </testcase>
    <testcase classname="components/MeasurementItem applies the correct styles to the container, label, and value" name="components/MeasurementItem applies the correct styles to the container, label, and value" time="0.009">
    </testcase>
  </testsuite>
  <testsuite name="components/Button" errors="0" failures="1" skipped="0" timestamp="2025-06-04T18:41:02" time="5.031" tests="4">
    <testcase classname="components/Button renders the button with the correct title" name="components/Button renders the button with the correct title" time="2.741">
    </testcase>
    <testcase classname="components/Button calls onPress when the button is pressed" name="components/Button calls onPress when the button is pressed" time="0.003">
    </testcase>
    <testcase classname="components/Button applies custom styles to the button and text" name="components/Button applies custom styles to the button and text" time="0.002">
    </testcase>
    <testcase classname="components/Button applies default styles to the button and text" name="components/Button applies default styles to the button and text" time="0.003">
      <failure>Error: expect(received).toMatchObject(expected)

- Expected  - 1
+ Received  + 1

  Object {
    &quot;backgroundColor&quot;: &quot;#2970d6&quot;,
    &quot;borderRadius&quot;: 24,
-   &quot;minWidth&quot;: 180,
+   &quot;minWidth&quot;: 140,
    &quot;paddingHorizontal&quot;: 24,
    &quot;paddingVertical&quot;: 12,
  }
    at Object.toMatchObject (/Users/davidmartins/Projects/elevator-lift-test/components/Button.test.tsx:48:32)
    at Promise.then.completed (/Users/davidmartins/Projects/elevator-lift-test/node_modules/jest-circus/build/utils.js:298:28)
    at new Promise (&lt;anonymous&gt;)
    at callAsyncCircusFn (/Users/davidmartins/Projects/elevator-lift-test/node_modules/jest-circus/build/utils.js:231:10)
    at _callCircusTest (/Users/davidmartins/Projects/elevator-lift-test/node_modules/jest-circus/build/run.js:316:40)
    at _runTest (/Users/davidmartins/Projects/elevator-lift-test/node_modules/jest-circus/build/run.js:252:3)
    at _runTestsForDescribeBlock (/Users/davidmartins/Projects/elevator-lift-test/node_modules/jest-circus/build/run.js:126:9)
    at _runTestsForDescribeBlock (/Users/davidmartins/Projects/elevator-lift-test/node_modules/jest-circus/build/run.js:121:9)
    at run (/Users/davidmartins/Projects/elevator-lift-test/node_modules/jest-circus/build/run.js:71:3)
    at runAndTransformResultsToJestFormat (/Users/davidmartins/Projects/elevator-lift-test/node_modules/jest-circus/build/legacy-code-todo-rewrite/jestAdapterInit.js:122:21)
    at jestAdapter (/Users/davidmartins/Projects/elevator-lift-test/node_modules/jest-circus/build/legacy-code-todo-rewrite/jestAdapter.js:79:19)
    at runTestInternal (/Users/davidmartins/Projects/elevator-lift-test/node_modules/jest-runner/build/runTest.js:367:16)
    at runTest (/Users/davidmartins/Projects/elevator-lift-test/node_modules/jest-runner/build/runTest.js:444:34)
    at Object.worker (/Users/davidmartins/Projects/elevator-lift-test/node_modules/jest-runner/build/testWorker.js:106:12)</failure>
    </testcase>
  </testsuite>
  <testsuite name="components/Graph" errors="0" failures="2" skipped="0" timestamp="2025-06-04T18:41:02" time="5.148" tests="4">
    <testcase classname="components/Graph renders a message when no data is provided" name="components/Graph renders a message when no data is provided" time="0.917">
    </testcase>
    <testcase classname="components/Graph renders the LineChart when data is provided" name="components/Graph renders the LineChart when data is provided" time="0.036">
    </testcase>
    <testcase classname="components/Graph reduces data points when exceeding MAX_POINTS_TO_DISPLAY" name="components/Graph reduces data points when exceeding MAX_POINTS_TO_DISPLAY" time="0.102">
      <failure>Error: expect(received).toBeLessThanOrEqual(expected)

Expected: &lt;= 14
Received:    44
    at Object.toBeLessThanOrEqual (/Users/davidmartins/Projects/elevator-lift-test/components/Graph.test.tsx:41:27)
    at Promise.then.completed (/Users/davidmartins/Projects/elevator-lift-test/node_modules/jest-circus/build/utils.js:298:28)
    at new Promise (&lt;anonymous&gt;)
    at callAsyncCircusFn (/Users/davidmartins/Projects/elevator-lift-test/node_modules/jest-circus/build/utils.js:231:10)
    at _callCircusTest (/Users/davidmartins/Projects/elevator-lift-test/node_modules/jest-circus/build/run.js:316:40)
    at _runTest (/Users/davidmartins/Projects/elevator-lift-test/node_modules/jest-circus/build/run.js:252:3)
    at _runTestsForDescribeBlock (/Users/davidmartins/Projects/elevator-lift-test/node_modules/jest-circus/build/run.js:126:9)
    at _runTestsForDescribeBlock (/Users/davidmartins/Projects/elevator-lift-test/node_modules/jest-circus/build/run.js:121:9)
    at run (/Users/davidmartins/Projects/elevator-lift-test/node_modules/jest-circus/build/run.js:71:3)
    at runAndTransformResultsToJestFormat (/Users/davidmartins/Projects/elevator-lift-test/node_modules/jest-circus/build/legacy-code-todo-rewrite/jestAdapterInit.js:122:21)
    at jestAdapter (/Users/davidmartins/Projects/elevator-lift-test/node_modules/jest-circus/build/legacy-code-todo-rewrite/jestAdapter.js:79:19)
    at runTestInternal (/Users/davidmartins/Projects/elevator-lift-test/node_modules/jest-runner/build/runTest.js:367:16)
    at runTest (/Users/davidmartins/Projects/elevator-lift-test/node_modules/jest-runner/build/runTest.js:444:34)
    at Object.worker (/Users/davidmartins/Projects/elevator-lift-test/node_modules/jest-runner/build/testWorker.js:106:12)</failure>
    </testcase>
    <testcase classname="components/Graph handles a single data point" name="components/Graph handles a single data point" time="0.014">
      <failure>Error: expect(received).toBe(expected) // Object.is equality

Expected: 1
Received: 4
    at Object.toBe (/Users/davidmartins/Projects/elevator-lift-test/components/Graph.test.tsx:61:31)
    at Promise.then.completed (/Users/davidmartins/Projects/elevator-lift-test/node_modules/jest-circus/build/utils.js:298:28)
    at new Promise (&lt;anonymous&gt;)
    at callAsyncCircusFn (/Users/davidmartins/Projects/elevator-lift-test/node_modules/jest-circus/build/utils.js:231:10)
    at _callCircusTest (/Users/davidmartins/Projects/elevator-lift-test/node_modules/jest-circus/build/run.js:316:40)
    at _runTest (/Users/davidmartins/Projects/elevator-lift-test/node_modules/jest-circus/build/run.js:252:3)
    at _runTestsForDescribeBlock (/Users/davidmartins/Projects/elevator-lift-test/node_modules/jest-circus/build/run.js:126:9)
    at _runTestsForDescribeBlock (/Users/davidmartins/Projects/elevator-lift-test/node_modules/jest-circus/build/run.js:121:9)
    at run (/Users/davidmartins/Projects/elevator-lift-test/node_modules/jest-circus/build/run.js:71:3)
    at runAndTransformResultsToJestFormat (/Users/davidmartins/Projects/elevator-lift-test/node_modules/jest-circus/build/legacy-code-todo-rewrite/jestAdapterInit.js:122:21)
    at jestAdapter (/Users/davidmartins/Projects/elevator-lift-test/node_modules/jest-circus/build/legacy-code-todo-rewrite/jestAdapter.js:79:19)
    at runTestInternal (/Users/davidmartins/Projects/elevator-lift-test/node_modules/jest-runner/build/runTest.js:367:16)
    at runTest (/Users/davidmartins/Projects/elevator-lift-test/node_modules/jest-runner/build/runTest.js:444:34)
    at Object.worker (/Users/davidmartins/Projects/elevator-lift-test/node_modules/jest-runner/build/testWorker.js:106:12)</failure>
    </testcase>
  </testsuite>
</testsuites>